adeline_hazan
adrien_gindre
adrien_theaux
agnes_verdier_molinie
ahmed_jaballah
ahmed_tazir
alain_chabat
alain_cotta
alain_gerard_slama
alain_gest
alain_jakubowicz
alain_joyandet
alain_juppe
alain_madelin
alain_marecaux
alain_marsaud
alain_marschall
alain_minc
alain_moyne_bressand
alain_rousset
alain_souchon
alain_suguenot
alain_vidalies
alain_weill
alassane_ouattara
albert_de_monaco
albert_jean_mougin
albert_uderzo
alex_beaupain
alexandre_adler
alexandre_de_juniac
alexandre_pare
alexis_brezet
alexis_jenni
alexis_palisson
ali_baddou
alou_diarra
aly_el_samman
amaury_leveaux
amel_saadi
amgad_sadek
anais_goubatian
andre_chassaigne
andre_dussolier
andre_paccou
andre_santini
andy_serkis
angela_merkel
ani_basar
anicet_mbida
anita_hausser
anne_giudicelli
anne_lauvergeon
anne_mansouret
anne_marie_idrac
annick_lepetit
anny_poursinoff
antoine_basbous
antoine_de_caunes
antoine_delpierre
antoine_glaser
antoine_pollez
apolline_de_malherbe
ariane_nicolas
arlette_chabot
arlette_laguiller
armelle_semont
arnaud_ardoin
arnaud_lagardere
arnaud_montebourg
arnaud_viviant
asma_guenifi
audrey_sophie_nacass
audrey_tautou
aurelie_filippetti
aurelie_marcireau
aurelien_de_negri
aurelien_romano
aurore_teboul
axel_kahn
axel_poniatowski
aymeric_barrault
azouz_begag
ban_ki_moon
barack_obama
barbara_pompili
ben_affleck
benjamin_biolay
benjamin_dubois
benoist_apparu
benoit_faraco
benoit_hamon
benoit_hartmann
benoit_lordelot
benoit_thieulin
berenice_marlohe
bernadette_chirac
bernadette_groison
bernard_accoyer
bernard_bigot
bernard_cazeau
bernard_cazeneuve
bernard_debre
bernard_derosier
bernard_emsellem
bernard_henri_levy
bernard_hinault
bernard_houdin
bernard_kouchner
bernard_laporte
bernard_maris
bernard_pivot
bernard_roman
bernard_tapie
bernard_thibault
bertrand_delanoe
bertrand_menguy
bertrand_piccard
bertrand_tavernier
beth_ditto
betty_lachguer
blaise_matuidi
boutros_boutros_ghali
brahim_asloum
brice_hortefeux
brice_lalonde
brigitte_boucher
bruce_toussaint
bruno_beschizza
bruno_gollnisch
bruno_jeudy
bruno_julliard
bruno_le_maire
bruno_le_roux
bruno_megret
bruno_retailleau
bruno_solo
camille_bedin
camille_de_rocca_serra
camille_lacourt
camille_laurens
candy_crowley
carl_meeus
carla_bruni_sarkozy
carlo_ancelotti
carol_isoux
carole_barjon
caroline_bauer
caroline_boisson
caroline_bruneau
caroline_de_haas
caroline_fourest
caroline_lanty
caroline_mecary
caroline_mier
catherine_genisson
catherine_laborde
catherine_lara
catherine_nay
catherine_procaccia
catherine_vautrin
cecile_bourgneuf
cecile_danre
cecile_duflot
cecile_ollivier
cecile_tran_tien
cecilia_attias
celine_bittner
celine_bruel
celine_missoffe
celine_pitelet
chantal_jouanno
charles_aznavour
charles_de_courson
charles_enderlin
charles_pellegrini
charlotte_gainsbourg
charlotte_notteghem
chloe_buffard
christian_de_boissieu
christian_eckert
christian_estrosi
christian_faure
christian_jacob
christian_paul
christian_prouteau
christian_vanneste
christiane_lambert
christiane_taubira
christine_boutin
christine_clerc
christine_kelly
christine_lagarde
christophe_borgel
christophe_caresche
christophe_chambon
christophe_dechavanne
christophe_delay
christophe_hondelatte
christophe_jakubyszyn
christophe_prochasson
christophe_regnard
christophe_ruaults
christophe_sirugue
christophe_willem
claire_chazal
claire_fleury
claire_quidet
claire_ricard
claire_robiche
claude_allegre
claude_barrier
claude_bartolone
claude_fauquet
claude_goasguen
claude_gueant
claude_lelouch
claude_weill
clement_meric
clementine_maligorne
corinne_lepage
costa_gavras
cyril_hanouna
damien_fleurot
damien_gourlet
daniel_auteuil
daniel_craig
daniel_fidelin
daniel_riolo
daniele_heymann
danny_boyle
dany_boon
dany_cohn_bendit
dave_gahan
david_cameron
david_douillet
david_pujadas
delphine_batho
delphine_wespiser
denis_demonpion
denis_jeambar
diane_desobeau
diane_gouffrant
dianne_feinstein
didier_deschamps
didier_guillaume
didier_julia
didier_piard
didier_reynders
dominique_baudis
dominique_bertinotti
dominique_blanc
dominique_bussereau
dominique_de_villepin
dominique_dord
dominique_maraninchi
dominique_paille
dominique_plihon
dominique_strauss_kahn
douglas_mckeon
edouard_baer
edouard_balladur
edouard_leclerc
edouard_martin
edwige_antier
edwin_le_heron
edwy_plenel
elie_baup
elisa_bertholomey
elisabeth_guigou
elise_maillard
elton_john
emilie_helmstein
emilie_torgemen
emma_bunton
emmanuel_coste
emmanuel_davidenkoff
emmanuel_lechypre
emmanuel_pierrat
emmanuel_schwartzenberg
eric_besson
eric_cantona
eric_ciotti
eric_debarbieux
eric_fottorino
eric_heyer
eric_neuhoff
eric_raoult
eric_straumann
eric_toledano
eric_woerth
eric_zemmour
erwan_lecoeur
erwann_binet
eva_joly
eva_longoria
fabien_lefort
fabienne_delahaye
fabrice_arfi
fabrice_henry
fabrice_luchini
fadela_amara
fanny_agostini
fanny_regnault
fanny_salmon
farida_setiti
felicity_huffman
felix_baumgartner
flavie_flament
fleur_pellerin
florence_aubenas
florence_fresnel
florence_muracciole
florent_germain
florian_philippot
floriane_olivier
francis_hillmeyer
franck_ribery
franck_riester
francois_baroin
francois_bayrou
francois_brottes
francois_chereque
francois_cluzet
francois_de_closets
francois_de_rugy
francois_durpaire
francois_fillon
francois_giuseppi
francois_hollande
francois_lamy
francois_lenglet
francois_loncle
francois_miquet_marty
francois_mitterrand
francois_molins
francois_ozon
francois_patriat
francois_pitrel
francois_pupponi
francois_rebsamen
francois_sauvadet
francois_soulage
francois_xavier_weill
francoise_de_panafieu
francoise_hostalier
francoise_laborde
franz_olivier_giesbert
frederic_adam
frederic_barbier
frederic_beigbeder
frederic_cuvillier
frederic_de_lanouvelle
frederic_encel
frederic_lefebvre
frederic_mitterrand
frederic_nihous
frederic_pechenard
frederic_simottel
gad_elmaleh
gael_monfils
gaelle_le_garrec
gaetan_gorce
gaetane_meslin
geoffroy_didier
george_pau_langevin
georges_marc_benamou
georges_tron
geraldine_nakache
geraldine_woessner
gerard_aschieri
gerard_bapt
gerard_biard
gerard_depardieu
gerard_dubois
gerard_jugnot
gerard_larcher
gerard_longuet
gerard_roche
germain_andrieux
gersande_diart
gilane_barret
gilbert_collard
gilbert_montagne
gilles_carrez
gilles_de_robien
gilles_eric_seralini
gilles_kepel
glenn_close
graziella_rodrigues
gregoire_pelpel
gregoire_sauvage
guillaume_paul
guillaume_roquette
guy_delcourt
harlem_desir
harold_hyman
hassan_nasrallah
heather_headley
helene_mangiardi
henri_emmanuelli
henri_guaino
henri_sterdyniak
henri_vacquin
henri_weber
herve_gattegno
herve_gaymard
herve_mariton
herve_morin
herve_novelli
hillary_clinton
hugh_jackman
hugo_lloris
hugues_le_bret
hugues_portelli
igor_sahiri
ingrid_betancourt
irene_frachon
isabelle_adjani
isabelle_prevost_desprez
isabelle_saporta
ivan_rioufol
jack_lang
jacques_attali
jacques_bompard
jacques_cheminade
jacques_chirac
jacques_follorou
jacques_genereux
jacques_pelissard
jacques_seguela
jacques_toubon
jacques_verges
jamel_debbouze
jane_birkin
javier_bardem
jean_arthuis
jean_baptiste_daoulas
jean_baptiste_predali
jean_baptiste_prevost
jean_bouquin
jean_charles_brisard
jean_charles_steyger
jean_christophe_cambadelis
jean_christophe_fromantin
jean_christophe_lagarde
jean_claude_delarue
jean_claude_trichet
jean_de_tonquedec
jean_dujardin
jean_francois_achilli
jean_francois_amadieu
jean_francois_cope
jean_francois_julliard
jean_francois_kahn
jean_francois_lamour
jean_francois_mattei
jean_francois_peres
jean_francois_roubaud
jean_glavany
jean_jacques_aillagon
jean_jacques_bourdin
jean_jacques_chaban_delmas
jean_jacques_jegou
jean_jacques_urvoas
jean_jouzel
jean_leonetti
jean_louis_borloo
jean_louis_bourlanges
jean_louis_debre
jean_louis_gombeaud
jean_louis_malisse
jean_louis_normandin
jean_louis_schilansky
jean_luc_delarue
jean_luc_melenchon
jean_luc_romero
jean_mallot
jean_marc_ayrault
jean_marc_fedida
jean_marc_lech
jean_marc_roubaud
jean_marie_bockel
jean_marie_cavada
jean_marie_le_guen
jean_marie_le_pen
jean_marie_vanlerenberghe
jean_michel_aulas
jean_michel_baylet
jean_michel_cadiot
jean_michel_cohen
jean_michel_fourgous
jean_michel_six
jean_noel_guerini
jean_paul_belmondo
jean_paul_bruneau
jean_paul_ollivier
jean_paul_virapoulle
jean_philippe_morin
jean_pierre_brard
jean_pierre_chevenement
jean_pierre_darroussin
jean_pierre_elkabbach
jean_pierre_gratien
jean_pierre_marielle
jean_pierre_pernaut
jean_pierre_raffarin
jean_pierre_soisson
jean_pierre_sueur
jean_quatremer
jean_remi_baudot
jean_resseguie
jean_tiberi
jean_todt
jean_vincent_place
jean_wilfrid_forgues
jean_yves_camus
jean_yves_le_bouillonnec
jeannette_bougrab
jeremie_hartmann
jeremy_trottin
jerome_cahuzac
jerome_chartier
jerome_garcin
jerome_guedj
jerome_kerviel
jerome_savary
jo_wilfried_tsonga
joann_sfar
joe_biden
johanne_portal
johnny_hallyday
jonathan_hayoun
jose_bove
joseph_osman
julia_delage
julia_le_correc
julie_albet
julien_clerc
julien_jacquet
julien_migaud_muller
juliette_greco
kad_merad
kamal_abdourahim
karim_bennani
karim_benzema
karine_berger
karl_lagerfeld
kathia_gilder
kelly_laffin
ken_loach
ksenia_bolchakova
laetitia_soudy
laura_flessel
laure_bouillaguet
laure_manaudou
laurence_ferrari
laurence_parisot
laurent_blanc
laurent_el_ghozi
laurent_fabius
laurent_gerra
laurent_joffrin
laurent_neumann
laurent_ruquier
laurent_voulzy
laurent_wauquiez
lionel_jospin
lionnel_luca
loic_briley
louis_nicollin
louise_ekland
luc_besson
luc_chatel
luc_ferry
lucie_nuttin
lucy_vincent
luis_fernandez
magali_chalais
maitena_biraben
malek_boutih
manuel_valls
marc_le_fur
marc_philippe_daubresse
marcel_rufo
marek_halter
margaux_de_frouville
maria_ines
mariam_pirzadeh
marie_casadebaig
marie_charlotte_antonini
marie_duquesne
marie_eve_malouines
marie_george_buffet
marie_labat
marie_noelle_lienemann
mariette_sineau
marine_hay
marine_le_pen
mario_draghi
marion_cotillard
marion_lefebvre
marion_marechal_le_pen
marisol_touraine
martin_freeman
martin_hirsch
martine_aubry
marwane_ben_yahmed
marylise_lebranchu
mathieu_coache
mathieu_guidere
mathilde_terrier
matthieu_chedid
maurice_szafran
maxime_cogny
maxime_verner
melanie_bertrand
melanie_laurent
melanie_vecchio
melissa_collado
melissa_theuriau
michael_bloomberg
michel_barnier
michel_crepu
michel_edouard_leclerc
michel_fourgous
michel_hazanavicius
michel_issindou
michel_lejoyeux
michel_liebgott
michel_mercier
michel_piron
michel_rocard
michel_sapin
michel_taubmann
michel_vauzelle
michele_alliot_marie
michele_cotta
michele_rivasi
michele_tabarot
mick_jagger
milan_poyet
mitt_romney
morgane_merteuil
muriel_robin
myriam_encaoua
nadine_morano
nafissatou_diallo
najat_vallaud_belkacem
natacha_polony
natacha_rios
nathalie_arthaud
nathalie_kosciusko_morizet
nicolas_alfonsi
nicolas_bouzou
nicolas_de_labareyre
nicolas_demorand
nicolas_doze
nicolas_dupont_aignan
nicolas_hulot
nicolas_jamain
nicolas_perruchot
nicolas_sarkozy
nicole_ameline
nicole_notat
nikola_karabatic
nina_montane
noel_mamere
nolwenn_leroy
olivier_besancenot
olivier_dussopt
olivier_falorni
olivier_faure
olivier_ferrand
olivier_giroud
olivier_mazerolle
olivier_metzner
olivier_moizan
olivier_pastre
olivier_truchot
pascal_boniface
pascal_legitimus
pascal_perri
pascal_perrineau
pascal_schmitt
pascale_de_la_tour_du_pin
patrice_canayer
patrice_gourrier
patricia_adam
patrick_balkany
patrick_baudouin
patrick_berche
patrick_bloche
patrick_bruel
patrick_de_carolis
patrick_devedjian
patrick_deville
patrick_eveno
patrick_hermansen
patrick_klugman
patrick_le_lay
patrick_mennucci
patrick_ollier
patrick_pelloux
paul_marie_couteaux
paul_ryan
pauline_revenaz
perico_legasse
perrine_baglan
peter_jackson
philippe_bas
philippe_de_villiers
philippe_doucet
philippe_douste_blazy
philippe_dufreigne
philippe_houillon
philippe_juvin
philippe_martin
philippe_moreau_defarges
philippe_pelletier
philippe_plisson
philippe_poutou
philippe_salvador
philippe_seguin
philippe_vandel
philippe_varin
pierre_alain_muet
pierre_berge
pierre_chappard
pierre_charon
pierre_dukan
pierre_lang
pierre_lascar
pierre_laurent
pierre_leautey
pierre_lellouche
pierre_lequiller
pierre_marie_vidal
pierre_mehaignerie
pierre_moscovici
pierre_murat
pierre_salviac
pierrick_taisne
rachid_m_barki
rachida_dati
rahabi_ka
rama_yade
randa_kassis
raymond_domenech
razzy_hammadi
remi_perrot
remy_pflimlin
renaud_muselier
rene_cagnat
rene_dosiere
rene_girard
richard_gere
richard_malka
robert_bourgi
robert_guediguian
robert_hue
robert_rochefort
rodolphe_masse
roger_moore
roger_waters
roland_cayrol
roland_coutanceau
roland_muzeau
roland_sicard
rolland_courbis
romain_gubert
romain_hary
ronald_guintrange
roselyne_bachelot
ruth_elkrief
rym_ben_ameur
samantha_davies
samantha_szwec
samuel_ollivier
sandra_boulanger
sandra_gandoin
sandra_larue
sandrine_mazetier
sarah_lou_cohen
sebastien_chabal
sebastien_couasnon
sebastien_loeb
segolene_royal
serge_dassault
serge_godard
serge_lama
serge_lepeltier
serge_letchimy
serge_moati
serge_tisseron
silvain_vanot
sophie_avon
sophie_bessis
sophie_hebrard
stephane_bern
stephane_gatignon
stephane_guillon
stephane_le_foll
stephane_rozes
sylvain_courage
tariq_ramadan
thibault_le_floch
thibaut_giangrande
thierry_arnaud
thierry_fremaux
thomas_hugues
thomas_legrand
thomas_lequertier
thomas_misrachi
thomas_paulmyer
thomas_soulie
thomas_thevenoud
thomas_voeckler
tiffanie_osswalt
timour_aggiouri
tonie_marshall
tristan_berteloot
tugdual_derville
ulrike_guerot
ulysse_gosset
valerie_beranger
valerie_brochard
valerie_debord
valerie_pecresse
valerie_rosso_debord
valerie_trierweiler
veronique_fevre
veronique_jacquier
vincent_chriqui
vincent_giraldo
vincent_lindon
vincent_peillon
vincent_touraine
virgile_caillet
virginie_duval
virginie_goubier
virginie_phulpin
wilfried_templier
william_bourdon
xavier_bertrand
xavier_darcos
xavier_gouyou_beauchamps
xavier_mathieu
yamina_benguigui
yann_antony_noghes
yann_arthus_bertrand
yann_galut
yann_wehrling
yannick_danio
yannick_jadot
yoann_gourcuff
yohann_relat
youssou_n_dour
yvan_lachaud
yves_calvi
yves_cochet
yves_couant
yves_durand
yves_fromion
yves_jego
yves_marignac
yves_nicolin
yves_pozzo_di_borgo
yvon_scornet
