s/^ahmed_jaballah /ahmed_jaballah /g;
s/^albert_de_monaco /albert_de_monaco /g;
s/^alexandre_adler /alexandre_adler /g;
s/^alexandre_pare /alexandre_pare /g;
s/^anne_giudicelli /anne_giudicelli /g;
s/^antoine_basbous /antoine_basbous /g;
s/^asma_guenifi /asma_guenifi /g;
s/^aurelien_de_negri /aurelien_de_negri /g;
s/^benjamin_dubois /benjamin_dubois /g;
s/^cecile_bourgneuf /cecile_bourgneuf /g;
s/^celine_missoffe /celine_missoffe /g;
s/^claire_ricard /claire_ricard /g;
s/^claire_robiche /claire_robiche /g;
s/^edouard_martin /edouard_martin /g;
s/^emmanuel_lechypre /emmanuel_lechypre /g;
s/^emmanuel_pierrat /emmanuel_pierrat /g;
s/^eric_debarbieux /eric_debarbieux /g;
s/^eva_longoria /eva_longoria /g;
s/^fanny_salmon /fanny_salmon /g;
s/^floriane_olivier /floriane_olivier /g;
s/^frederic_simottel /frederic_simottel /g;
s/^geraldine_woessner /geraldine_woessner /g;
s/^harold_hyman /harold_hyman /g;
s/^jean_wilfrid_forgues /jean_wilfrid_forgues /g;
s/^karim_bennani /karim_bennani /g;
s/^michel_lejoyeux /michel_lejoyeux /g;
s/^paul_ryan /paul_ryan /g;
s/^philippe_pelletier /philippe_pelletier /g;
s/^rahabi_ka /rahabi_ka /g;
s/^rene_cagnat /rene_cagnat /g;
s/^rodolphe_masse /rodolphe_masse /g;
s/^romain_hary /romain_hary /g;
s/^samantha_szwec /samantha_szwec /g;
s/^sophie_bessis /sophie_bessis /g;
s/^thomas_hugues /thomas_hugues /g;
s/^tristan_berteloot /tristan_berteloot /g;
s/^valerie_debord /valerie_debord /g;
s/^virgile_caillet /virgile_caillet /g;
s/^yves_couant /yves_couant /g;
s/^yvon_scornet /yvon_scornet /g;
